
> backend@1.0.0 test
> cross-env NODE_ENV=test NODE_OPTIONS=--experimental-vm-modules jest --forceExit

(node:11824) ExperimentalWarning: VM Modules is an experimental feature and might change at any time
(Use `node --trace-warnings ...` to show where the warning was created)
PASS src/__tests__/matchmakingAlgorithm.test.js
(node:6488) ExperimentalWarning: VM Modules is an experimental feature and might change at any time
(Use `node --trace-warnings ...` to show where the warning was created)
PASS src/__tests__/apiRoute.test.js
  ● Console

    console.error
      [AUTH] Error: Error: Invalid token
          at Object.<anonymous> (A:\DLSU - Third Year\Term 1\STSWENG\AniMatch\backend\src\__tests__\apiRoute.test.js:44:13)
          at A:\DLSU - Third Year\Term 1\STSWENG\AniMatch\backend\node_modules\jest-environment-node\node_modules\jest-mock\build\index.js:397:39
          at Object.<anonymous> (A:\DLSU - Third Year\Term 1\STSWENG\AniMatch\backend\node_modules\jest-environment-node\node_modules\jest-mock\build\index.js:404:13)
          at Object.mockConstructor [as verify] (A:\DLSU - Third Year\Term 1\STSWENG\AniMatch\backend\node_modules\jest-environment-node\node_modules\jest-mock\build\index.js:148:19)
          at verify (A:\DLSU - Third Year\Term 1\STSWENG\AniMatch\backend\src\middleware\authMiddleware.js:39:25)
          at Object.authMiddleware (A:\DLSU - Third Year\Term 1\STSWENG\AniMatch\backend\src\__tests__\apiRoute.test.js:47:5)
          at Promise.finally.completed (a:\DLSU - Third Year\Term 1\STSWENG\AniMatch\backend\node_modules\jest-circus\build\jestAdapterInit.js:1557:28)
          at new Promise (<anonymous>)
          at callAsyncCircusFn (a:\DLSU - Third Year\Term 1\STSWENG\AniMatch\backend\node_modules\jest-circus\build\jestAdapterInit.js:1497:10)
          at _callCircusTest (a:\DLSU - Third Year\Term 1\STSWENG\AniMatch\backend\node_modules\jest-circus\build\jestAdapterInit.js:1007:40)
          at _runTest (a:\DLSU - Third Year\Term 1\STSWENG\AniMatch\backend\node_modules\jest-circus\build\jestAdapterInit.js:947:3)
          at a:\DLSU - Third Year\Term 1\STSWENG\AniMatch\backend\node_modules\jest-circus\build\jestAdapterInit.js:849:7
          at _runTestsForDescribeBlock (a:\DLSU - Third Year\Term 1\STSWENG\AniMatch\backend\node_modules\jest-circus\build\jestAdapterInit.js:862:11)
          at _runTestsForDescribeBlock (a:\DLSU - Third Year\Term 1\STSWENG\AniMatch\backend\node_modules\jest-circus\build\jestAdapterInit.js:857:11)
          at run (a:\DLSU - Third Year\Term 1\STSWENG\AniMatch\backend\node_modules\jest-circus\build\jestAdapterInit.js:761:3)
          at runAndTransformResultsToJestFormat (a:\DLSU - Third Year\Term 1\STSWENG\AniMatch\backend\node_modules\jest-circus\build\jestAdapterInit.js:1918:21)
          at jestAdapter (a:\DLSU - Third Year\Term 1\STSWENG\AniMatch\backend\node_modules\jest-circus\build\runner.js:101:19)
          at runTestInternal (a:\DLSU - Third Year\Term 1\STSWENG\AniMatch\backend\node_modules\jest-runner\build\testWorker.js:275:16)
          at runTest (a:\DLSU - Third Year\Term 1\STSWENG\AniMatch\backend\node_modules\jest-runner\build\testWorker.js:343:7)
          at Object.worker (a:\DLSU - Third Year\Term 1\STSWENG\AniMatch\backend\node_modules\jest-runner\build\testWorker.js:497:12)

    [0m [90m 55 |[39m     next()[33m;[39m
     [90m 56 |[39m   } [36mcatch[39m (error) {
    [31m[1m>[22m[39m[90m 57 |[39m     console[33m.[39merror([32m'[AUTH] Error:'[39m[33m,[39m error)[33m;[39m
     [90m    |[39m             [31m[1m^[22m[39m
     [90m 58 |[39m     [36mreturn[39m res[33m.[39mstatus([35m403[39m)[33m.[39mjson({ message[33m:[39m [32m'Invalid token'[39m })[33m;[39m
     [90m 59 |[39m   }
     [90m 60 |[39m }[33m;[39m[0m

      at error (src/middleware/authMiddleware.js:57:13)
      at Object.authMiddleware (src/__tests__/apiRoute.test.js:47:5)

(node:8284) ExperimentalWarning: VM Modules is an experimental feature and might change at any time
(Use `node --trace-warnings ...` to show where the warning was created)
(node:8284) [MONGOOSE] Warning: Duplicate schema index on {"expiresAt":1} found. This is often due to declaring an index using both "index: true" and "schema.index()". Please remove the duplicate index definition.
(node:13764) ExperimentalWarning: VM Modules is an experimental feature and might change at any time
(Use `node --trace-warnings ...` to show where the warning was created)
(node:3992) ExperimentalWarning: VM Modules is an experimental feature and might change at any time
(Use `node --trace-warnings ...` to show where the warning was created)
PASS src/__tests__/uploadRoute_test.js
(node:11728) ExperimentalWarning: VM Modules is an experimental feature and might change at any time
(Use `node --trace-warnings ...` to show where the warning was created)
(node:11728) [MONGOOSE] Warning: Duplicate schema index on {"expiresAt":1} found. This is often due to declaring an index using both "index: true" and "schema.index()". Please remove the duplicate index definition.
(node:8784) ExperimentalWarning: VM Modules is an experimental feature and might change at any time
(Use `node --trace-warnings ...` to show where the warning was created)
(node:13608) ExperimentalWarning: VM Modules is an experimental feature and might change at any time
(Use `node --trace-warnings ...` to show where the warning was created)
(node:13608) [MONGOOSE] Warning: Duplicate schema index on {"expiresAt":1} found. This is often due to declaring an index using both "index: true" and "schema.index()". Please remove the duplicate index definition.
(node:13608) [MONGOOSE] Warning: Duplicate schema index on {"sentAt":1} found. This is often due to declaring an index using both "index: true" and "schema.index()". Please remove the duplicate index definition.
(node:1864) ExperimentalWarning: VM Modules is an experimental feature and might change at any time
(Use `node --trace-warnings ...` to show where the warning was created)
(node:1864) [MONGOOSE] Warning: Duplicate schema index on {"expiresAt":1} found. This is often due to declaring an index using both "index: true" and "schema.index()". Please remove the duplicate index definition.
(node:1864) [MONGOOSE] Warning: Duplicate schema index on {"sentAt":1} found. This is often due to declaring an index using both "index: true" and "schema.index()". Please remove the duplicate index definition.
PASS src/__tests__/ping_test.js
  ● Console

    console.log
      [dotenv@17.2.2] injecting env (6) from .env.test -- tip: ⚙️  write to custom object with { processEnv: myObject }

      at _log (node_modules/dotenv/lib/main.js:139:11)

    console.log


      at log (src/server.js:336:13)

    console.log
      ╔═══════════════════════════════════════════════════════════════════╗

      at log (src/server.js:337:13)

    console.log
      ║              🚀 ANIMATCH BACKEND STARTING 🚀                      ║

      at log (src/server.js:338:13)

    console.log
      ╚═══════════════════════════════════════════════════════════════════╝

      at log (src/server.js:339:13)

    console.log
      
      📋 ENVIRONMENT VARIABLES:

      at log (src/server.js:341:13)

    console.log
        NODE_ENV: test

      at log (src/server.js:342:13)

    console.log
        PORT: 3000

      at log (src/server.js:343:13)

    console.log
        MONGO_URI: ❌ NOT SET

      at log (src/server.js:344:13)

    console.log
        JWT_SECRET: ✅ Set

      at log (src/server.js:345:13)

    console.log
        GOOGLE_CLIENT_ID: ✅ Set

      at log (src/server.js:346:13)

    console.log
        GOOGLE_CLIENT_SECRET: ✅ Set

      at log (src/server.js:347:13)

    console.log
        GOOGLE_REDIRECT_URI: http://localhost:3000/login

      at log (src/server.js:348:13)

    console.log
      
      🔌 CONNECTING TO DATABASE...

      at log (src/server.js:350:13)

    console.log
      ✅ Database connected successfully!

      at log (src/server.js:352:13)

    console.log
      
      🌐 CORS CONFIGURATION:

      at log (src/server.js:354:13)

    console.log
        Allowed Origins (3):

      at log (src/server.js:355:13)

    console.log
          - http://localhost:3000

      at log (src/server.js:356:46)
          at Array.forEach (<anonymous>)

    console.log
          - https://animatch-dlsus-projects.vercel.app

      at log (src/server.js:356:46)
          at Array.forEach (<anonymous>)

    console.log
          - https://animatch-git-sprint-1-animatch-dlsus-projects.vercel.app/

      at log (src/server.js:356:46)
          at Array.forEach (<anonymous>)

    console.log
      
      📍 REGISTERED API ROUTES:

      at log (src/server.js:358:13)

    console.log
        GET  /                          → Root health check

      at log (src/server.js:359:13)

    console.log
        GET  /ping                      → Simple ping

      at log (src/server.js:360:13)

    console.log
        GET  /api/ping                  → API ping

      at log (src/server.js:361:13)

    console.log
        POST /api/auth/google           → Google OAuth login

      at log (src/server.js:362:13)

    console.log
        GET  /api/auth/test             → Auth route test

      at log (src/server.js:363:13)

    console.log
        GET  /api/auth/check            → Check auth status

      at log (src/server.js:364:13)

    console.log
        POST /api/blur                  → Blur image

      at log (src/server.js:365:13)

    console.log
        POST /api/exist                 → Check if user exists

      at log (src/server.js:366:13)

    console.log
        POST /api/upload/profile-pic    → Upload profile picture

      at log (src/server.js:367:13)

    console.log
        POST /api/terms/accept          → Accept terms

      at log (src/server.js:368:13)

    console.log
        GET  /api/terms/:userId         → Get terms for user

      at log (src/server.js:369:13)

    console.log
        POST /api/queue/join            → Join matching queue

      at log (src/server.js:370:13)

    console.log
        POST /api/queue/leave           → Leave queue

      at log (src/server.js:371:13)

    console.log
        POST /api/match                 → Create match

      at log (src/server.js:372:13)

    console.log
      404 - Route not found: GET /api/nonexistent

      at log (src/server.js:180:11)

PASS src/__tests__/controllers/termsController.test.js
PASS src/__tests__/models/userModel.test.js
FAIL src/__tests__/fullIntegration.test.js
  ● Console

    console.log
      
      === Starting Full Integration Test ===

      at Object.log (src/__tests__/fullIntegration.test.js:85:13)

    console.log
      Step 1: Creating users and profiles with interests...

      at Object.log (src/__tests__/fullIntegration.test.js:88:13)

    console.log
        ✓ Created user: Alice with profile: {
        course: 'Computer Science',
        housing: 'Dorm A',
        organizations: [ 'Anime Club', 'Gaming Society' ]
      }

      at Object.log (src/__tests__/fullIntegration.test.js:103:15)

    console.log
        ✓ Created user: Bob with profile: {
        course: 'Computer Science',
        housing: 'Dorm B',
        organizations: [ 'Tech Club' ]
      }

      at Object.log (src/__tests__/fullIntegration.test.js:103:15)

    console.log
        ✓ Created user: Charlie with profile: {
        course: 'Business',
        housing: 'Dorm C',
        organizations: [ 'Finance Club' ]
      }

      at Object.log (src/__tests__/fullIntegration.test.js:103:15)

    console.log
      
      Step 2: Users joining matchmaking queue...

      at Object.log (src/__tests__/fullIntegration.test.js:111:13)

    console.log
      [QUEUE JOIN] User: alice@test.com (Alice)

      at log (src/controllers/queueController.js:77:13)

    console.log
      [QUEUE JOIN] Added alice@test.com to queue

      at log (src/controllers/queueController.js:110:15)

    console.log
      [QUEUE JOIN] No match found for alice@test.com, staying in queue

      at log (src/controllers/queueController.js:129:15)

    console.log
      
      === Testing Random Fallback ===

      at Object.log (src/__tests__/fullIntegration.test.js:176:13)

    console.log
      User1 profile: {
        course: 'Computer Science',
        housing: 'Dorm A',
        organizations: [ 'Anime Club' ]
      }

      at Object.log (src/__tests__/fullIntegration.test.js:197:13)

    console.log
      User2 profile: {
        course: 'Business',
        housing: 'Dorm B',
        organizations: [ 'Finance Club' ]
      }

      at Object.log (src/__tests__/fullIntegration.test.js:198:13)

    console.log
      (No common profile data)

      at Object.log (src/__tests__/fullIntegration.test.js:199:13)

    console.log
      [QUEUE JOIN] User: user1@test.com (User1)

      at log (src/controllers/queueController.js:77:13)

    console.log
      [QUEUE JOIN] Added user1@test.com to queue

      at log (src/controllers/queueController.js:110:15)

    console.log
      [QUEUE JOIN] No match found for user1@test.com, staying in queue

      at log (src/controllers/queueController.js:129:15)

    console.log
      [QUEUE JOIN] User: user2@test.com (User2)

      at log (src/controllers/queueController.js:77:13)

    console.log
      [QUEUE JOIN] Added user2@test.com to queue

      at log (src/controllers/queueController.js:110:15)

    console.log
      [QUEUE JOIN] Candidate user1@test.com: similarity score = 0

      at log (src/controllers/queueController.js:164:15)

    console.log
      [QUEUE JOIN] 🎯 Interest-based matching active - best match: user1@test.com (score: 0)

      at log (src/controllers/queueController.js:188:15)

    console.log
      [QUEUE JOIN] Attempting to match: user2@test.com <-> user1@test.com (similarity: 0)

      at log (src/controllers/queueController.js:195:15)

    console.log
      [QUEUE JOIN] ✅ Match created: 6926cdb35355a961bca71f04 - user2@test.com <-> user1@test.com (similarity score: 0)

      at log (src/controllers/queueController.js:218:15)

    console.log
      [QUEUE STATUS] User user1@test.com matched with User2

      at log (src/controllers/queueController.js:257:15)

    console.log
      
      === Testing Profile Data Persistence ===

      at Object.log (src/__tests__/fullIntegration.test.js:227:13)

    console.log
      Created user with profile data: {
        course: 'Computer Science',
        housing: 'Dorm A',
        organizations: [ 'Anime Club', 'Gaming Society', 'Tech Club' ]
      }

      at Object.log (src/__tests__/fullIntegration.test.js:245:13)

    console.log
      Fetched user profile: {
        course: 'Computer Science',
        housing: 'Dorm A',
        organizations: [ 'Anime Club', 'Gaming Society', 'Tech Club' ]
      }

      at Object.log (src/__tests__/fullIntegration.test.js:250:13)

    console.log
      ✓ All profile data persisted correctly

      at Object.log (src/__tests__/fullIntegration.test.js:261:13)

  ● Full Integration: Profile Setup → Matching › Complete flow: Create profiles with interests, join queue, and match based on similarity

    expect(received).toBe(expected) // Object.is equality

    Expected: 200
    Received: null

    [0m [90m 116 |[39m       [36mawait[39m joinQueue(req[33m,[39m res)[33m;[39m
     [90m 117 |[39m       
    [31m[1m>[22m[39m[90m 118 |[39m       expect(res[33m.[39m_statusCode)[33m.[39mtoBe([35m200[39m)[33m;[39m
     [90m     |[39m                               [31m[1m^[22m[39m
     [90m 119 |[39m       expect(res[33m.[39m_jsonData[33m.[39mmatched)[33m.[39mtoBe([36mfalse[39m)[33m;[39m
     [90m 120 |[39m       console[33m.[39mlog([32m`  ✓ ${user.username} joined queue`[39m)[33m;[39m
     [90m 121 |[39m     }[0m

      at Object.toBe (src/__tests__/fullIntegration.test.js:118:31)

  ● Full Integration: Profile Setup → Matching › Fallback to random when no similar interests

    TypeError: Cannot read properties of undefined (reading '_id')

    [0m [90m 211 |[39m     expect(res[33m.[39m_jsonData[33m.[39mmatched)[33m.[39mtoBe([36mtrue[39m)[33m;[39m
     [90m 212 |[39m     
    [31m[1m>[22m[39m[90m 213 |[39m     [36mconst[39m chatSession [33m=[39m [36mawait[39m [33mChatSession[39m[33m.[39mfindById(res[33m.[39m_jsonData[33m.[39mchatSession[33m.[39m_id)[33m;[39m
     [90m     |[39m                                                                              [31m[1m^[22m[39m
     [90m 214 |[39m     
     [90m 215 |[39m     console[33m.[39mlog([32m`\n✓ Users matched despite no common profile data`[39m)[33m;[39m
     [90m 216 |[39m     console[33m.[39mlog([32m`→ Strategy: ${chatSession.metadata.matchingStrategy}`[39m)[33m;[39m[0m

      at Object._id (src/__tests__/fullIntegration.test.js:213:78)

PASS src/__tests__/chat.test.js
  ● Console

    console.log
      [dotenv@17.2.2] injecting env (6) from .env.test -- tip: 🔐 prevent committing .env to code: https://dotenvx.com/precommit

      at _log (node_modules/dotenv/lib/main.js:139:11)

    console.log


      at log (src/server.js:336:13)

    console.log
      ╔═══════════════════════════════════════════════════════════════════╗

      at log (src/server.js:337:13)

    console.log
      ║              🚀 ANIMATCH BACKEND STARTING 🚀                      ║

      at log (src/server.js:338:13)

    console.log
      ╚═══════════════════════════════════════════════════════════════════╝

      at log (src/server.js:339:13)

    console.log
      
      📋 ENVIRONMENT VARIABLES:

      at log (src/server.js:341:13)

    console.log
        NODE_ENV: test

      at log (src/server.js:342:13)

    console.log
        PORT: 3000

      at log (src/server.js:343:13)

    console.log
        MONGO_URI: ❌ NOT SET

      at log (src/server.js:344:13)

    console.log
        JWT_SECRET: ✅ Set

      at log (src/server.js:345:13)

    console.log
        GOOGLE_CLIENT_ID: ✅ Set

      at log (src/server.js:346:13)

    console.log
        GOOGLE_CLIENT_SECRET: ✅ Set

      at log (src/server.js:347:13)

    console.log
        GOOGLE_REDIRECT_URI: http://localhost:3000/login

      at log (src/server.js:348:13)

    console.log
      
      🔌 CONNECTING TO DATABASE...

      at log (src/server.js:350:13)

    console.log
      ✅ Database connected successfully!

      at log (src/server.js:352:13)

    console.log
      
      🌐 CORS CONFIGURATION:

      at log (src/server.js:354:13)

    console.log
        Allowed Origins (3):

      at log (src/server.js:355:13)

    console.log
          - http://localhost:3000

      at log (src/server.js:356:46)
          at Array.forEach (<anonymous>)

    console.log
          - https://animatch-dlsus-projects.vercel.app

      at log (src/server.js:356:46)
          at Array.forEach (<anonymous>)

    console.log
          - https://animatch-git-sprint-1-animatch-dlsus-projects.vercel.app/

      at log (src/server.js:356:46)
          at Array.forEach (<anonymous>)

    console.log
      
      📍 REGISTERED API ROUTES:

      at log (src/server.js:358:13)

    console.log
        GET  /                          → Root health check

      at log (src/server.js:359:13)

    console.log
        GET  /ping                      → Simple ping

      at log (src/server.js:360:13)

    console.log
        GET  /api/ping                  → API ping

      at log (src/server.js:361:13)

    console.log
        POST /api/auth/google           → Google OAuth login

      at log (src/server.js:362:13)

    console.log
        GET  /api/auth/test             → Auth route test

      at log (src/server.js:363:13)

    console.log
        GET  /api/auth/check            → Check auth status

      at log (src/server.js:364:13)

    console.log
        POST /api/blur                  → Blur image

      at log (src/server.js:365:13)

    console.log
        POST /api/exist                 → Check if user exists

      at log (src/server.js:366:13)

    console.log
        POST /api/upload/profile-pic    → Upload profile picture

      at log (src/server.js:367:13)

    console.log
        POST /api/terms/accept          → Accept terms

      at log (src/server.js:368:13)

    console.log
        GET  /api/terms/:userId         → Get terms for user

      at log (src/server.js:369:13)

    console.log
        POST /api/queue/join            → Join matching queue

      at log (src/server.js:370:13)

    console.log
        POST /api/queue/leave           → Leave queue

      at log (src/server.js:371:13)

    console.log
        POST /api/match                 → Create match

      at log (src/server.js:372:13)

PASS src/__tests__/queueController.test.js
  ● Console

    console.log
      [QUEUE JOIN] User: user1@test.com (testuser1)

      at log (src/controllers/queueController.js:77:13)

    console.log
      [QUEUE JOIN] Added user1@test.com to queue

      at log (src/controllers/queueController.js:110:15)

    console.log
      [QUEUE JOIN] No match found for user1@test.com, staying in queue

      at log (src/controllers/queueController.js:129:15)

    console.log
      [QUEUE JOIN] User: user1@test.com (testuser1)

      at log (src/controllers/queueController.js:77:13)

    console.log
      [QUEUE JOIN] Added user1@test.com to queue

      at log (src/controllers/queueController.js:110:15)

    console.log
      [QUEUE JOIN] No match found for user1@test.com, staying in queue

      at log (src/controllers/queueController.js:129:15)

    console.log
      [QUEUE JOIN] User: user2@test.com (testuser2)

      at log (src/controllers/queueController.js:77:13)

    console.log
      [QUEUE JOIN] Added user2@test.com to queue

      at log (src/controllers/queueController.js:110:15)

    console.log
      [QUEUE JOIN] Candidate user1@test.com: similarity score = 57.5

      at log (src/controllers/queueController.js:164:15)

    console.log
      [QUEUE JOIN] 🎯 Interest-based matching active - best match: user1@test.com (score: 57.5)

      at log (src/controllers/queueController.js:188:15)

    console.log
      [QUEUE JOIN] Attempting to match: user2@test.com <-> user1@test.com (similarity: 57.5)

      at log (src/controllers/queueController.js:195:15)

    console.log
      [QUEUE JOIN] ✅ Match created: 6926cdb348753147994b2a13 - user2@test.com <-> user1@test.com (similarity score: 57.5)

      at log (src/controllers/queueController.js:218:15)

    console.log
      [QUEUE JOIN] User: user1@test.com (testuser1)

      at log (src/controllers/queueController.js:77:13)

    console.log
      [QUEUE JOIN] Added user1@test.com to queue

      at log (src/controllers/queueController.js:110:15)

    console.log
      [QUEUE JOIN] Candidate user3@test.com: similarity score = 0

      at log (src/controllers/queueController.js:164:15)

    console.log
      [QUEUE JOIN] Candidate user2@test.com: similarity score = 57.5

      at log (src/controllers/queueController.js:164:15)

    console.log
      [QUEUE JOIN] 🎯 Interest-based matching active - best match: user2@test.com (score: 57.5)

      at log (src/controllers/queueController.js:188:15)

    console.log
      [QUEUE JOIN] Attempting to match: user1@test.com <-> user2@test.com (similarity: 57.5)

      at log (src/controllers/queueController.js:195:15)

    console.log
      [QUEUE JOIN] ✅ Match created: 6926cdb348753147994b2a32 - user1@test.com <-> user2@test.com (similarity score: 57.5)

      at log (src/controllers/queueController.js:218:15)

    console.log
      [QUEUE JOIN] User: user1@test.com (testuser1)

      at log (src/controllers/queueController.js:77:13)

    console.log
      [QUEUE JOIN] Added user1@test.com to queue

      at log (src/controllers/queueController.js:110:15)

    console.log
      [QUEUE JOIN] No match found for user1@test.com, staying in queue

      at log (src/controllers/queueController.js:129:15)

    console.log
      [QUEUE JOIN] User: user2@test.com (testuser2)

      at log (src/controllers/queueController.js:77:13)

    console.log
      [QUEUE JOIN] Added user2@test.com to queue

      at log (src/controllers/queueController.js:110:15)

    console.log
      [QUEUE JOIN] Candidate user1@test.com: similarity score = 57.5

      at log (src/controllers/queueController.js:164:15)

    console.log
      [QUEUE JOIN] 🎯 Interest-based matching active - best match: user1@test.com (score: 57.5)

      at log (src/controllers/queueController.js:188:15)

    console.log
      [QUEUE JOIN] Attempting to match: user2@test.com <-> user1@test.com (similarity: 57.5)

      at log (src/controllers/queueController.js:195:15)

    console.log
      [QUEUE JOIN] ✅ Match created: 6926cdb348753147994b2a4c - user2@test.com <-> user1@test.com (similarity score: 57.5)

      at log (src/controllers/queueController.js:218:15)

    console.log
      [QUEUE JOIN] User: user1@test.com (testuser1)

      at log (src/controllers/queueController.js:77:13)

    console.log
      [QUEUE JOIN] User user1@test.com already in active chat - cannot join queue

      at log (src/controllers/queueController.js:87:15)

    console.log
      [QUEUE LEAVE] User user1@test.com left queue (active chat untouched)

      at log (src/controllers/queueController.js:408:13)

    console.log
      [QUEUE STATUS] User user1@test.com in queue, position: 1

      at log (src/controllers/queueController.js:386:15)

    console.log
      [QUEUE STATUS] Found potential matches for user1@test.com, calculating similarity scores

      at log (src/controllers/queueController.js:285:17)

    console.log
      [QUEUE STATUS] 🎯 Interest-based matching active - best candidate score: 0

      at log (src/controllers/queueController.js:335:21)

    console.log
      [QUEUE STATUS] ✅ Match created: 6926cdb348753147994b2a86 - user1@test.com <-> user2@test.com (similarity: 0)

      at log (src/controllers/queueController.js:360:23)

(node:16300) ExperimentalWarning: VM Modules is an experimental feature and might change at any time
(Use `node --trace-warnings ...` to show where the warning was created)
(node:16300) [MONGOOSE] Warning: Duplicate schema index on {"expiresAt":1} found. This is often due to declaring an index using both "index: true" and "schema.index()". Please remove the duplicate index definition.
(node:16300) [MONGOOSE] Warning: Duplicate schema index on {"sentAt":1} found. This is often due to declaring an index using both "index: true" and "schema.index()". Please remove the duplicate index definition.
PASS src/__tests__/routes/termsRoutes.test.js
  ● Console

    console.log
      [dotenv@17.2.2] injecting env (6) from .env.test -- tip: 📡 observe env with Radar: https://dotenvx.com/radar

      at _log (node_modules/dotenv/lib/main.js:139:11)

    console.log


      at log (src/server.js:336:13)

    console.log
      ╔═══════════════════════════════════════════════════════════════════╗

      at log (src/server.js:337:13)

    console.log
      ║              🚀 ANIMATCH BACKEND STARTING 🚀                      ║

      at log (src/server.js:338:13)

    console.log
      ╚═══════════════════════════════════════════════════════════════════╝

      at log (src/server.js:339:13)

    console.log
      
      📋 ENVIRONMENT VARIABLES:

      at log (src/server.js:341:13)

    console.log
        NODE_ENV: test

      at log (src/server.js:342:13)

    console.log
        PORT: 3000

      at log (src/server.js:343:13)

    console.log
        MONGO_URI: ❌ NOT SET

      at log (src/server.js:344:13)

    console.log
        JWT_SECRET: ✅ Set

      at log (src/server.js:345:13)

    console.log
        GOOGLE_CLIENT_ID: ✅ Set

      at log (src/server.js:346:13)

    console.log
        GOOGLE_CLIENT_SECRET: ✅ Set

      at log (src/server.js:347:13)

    console.log
        GOOGLE_REDIRECT_URI: http://localhost:3000/login

      at log (src/server.js:348:13)

    console.log
      
      🔌 CONNECTING TO DATABASE...

      at log (src/server.js:350:13)

    console.log
      ✅ Database connected successfully!

      at log (src/server.js:352:13)

    console.log
      
      🌐 CORS CONFIGURATION:

      at log (src/server.js:354:13)

    console.log
        Allowed Origins (3):

      at log (src/server.js:355:13)

    console.log
          - http://localhost:3000

      at log (src/server.js:356:46)
          at Array.forEach (<anonymous>)

    console.log
          - https://animatch-dlsus-projects.vercel.app

      at log (src/server.js:356:46)
          at Array.forEach (<anonymous>)

    console.log
          - https://animatch-git-sprint-1-animatch-dlsus-projects.vercel.app/

      at log (src/server.js:356:46)
          at Array.forEach (<anonymous>)

    console.log
      
      📍 REGISTERED API ROUTES:

      at log (src/server.js:358:13)

    console.log
        GET  /                          → Root health check

      at log (src/server.js:359:13)

    console.log
        GET  /ping                      → Simple ping

      at log (src/server.js:360:13)

    console.log
        GET  /api/ping                  → API ping

      at log (src/server.js:361:13)

    console.log
        POST /api/auth/google           → Google OAuth login

      at log (src/server.js:362:13)

    console.log
        GET  /api/auth/test             → Auth route test

      at log (src/server.js:363:13)

    console.log
        GET  /api/auth/check            → Check auth status

      at log (src/server.js:364:13)

    console.log
        POST /api/blur                  → Blur image

      at log (src/server.js:365:13)

    console.log
        POST /api/exist                 → Check if user exists

      at log (src/server.js:366:13)

    console.log
        POST /api/upload/profile-pic    → Upload profile picture

      at log (src/server.js:367:13)

    console.log
        POST /api/terms/accept          → Accept terms

      at log (src/server.js:368:13)

    console.log
        GET  /api/terms/:userId         → Get terms for user

      at log (src/server.js:369:13)

    console.log
        POST /api/queue/join            → Join matching queue

      at log (src/server.js:370:13)

    console.log
        POST /api/queue/leave           → Leave queue

      at log (src/server.js:371:13)

    console.log
        POST /api/match                 → Create match

      at log (src/server.js:372:13)

A worker process has failed to exit gracefully and has been force exited. This is likely caused by tests leaking due to improper teardown. Try running with --detectOpenHandles to find leaks. Active timers can also cause this, ensure that .unref() was called on them.

Test Suites: 1 failed, 9 passed, 10 total
Tests:       2 failed, 80 passed, 82 total
Snapshots:   0 total
Time:        5.539 s
Ran all test suites.
Force exiting Jest: Have you considered using `--detectOpenHandles` to detect async operations that kept running after all tests finished?
